C51 COMPILER V9.59.0.0   KEY_PORT                                                          11/21/2018 08:24:07 PAGE 1   


C51 COMPILER V9.59.0.0, COMPILATION OF MODULE KEY_PORT
OBJECT MODULE PLACED IN .\Objects\key_port.obj
COMPILER INVOKED BY: E:\MDK\C51\BIN\C51.EXE ..\bsp\key\key_port.c OPTIMIZE(8,SPEED) BROWSE INCDIR(..\bsp;..\lib;..\TimeO
                    -ut;..\user;..\bsp\key) DEBUG OBJECTEXTEND PRINT(.\Listings\key_port.lst) OBJECT(.\Objects\key_port.obj)

line level    source

   1          #include "sys_config.h"
   2          
   3          
   4          
   5          #define KEY1_PIN                                                P14
   6          #define KEY2_PIN                                                P26
   7          #define KEY3_PIN                                                P15
   8          #define KEY4_PIN                                                P20
   9          #define KEY5_PIN                                                P21
  10          #define KEY6_PIN                                                P24
  11          #define KEY7_PIN                                                P25
  12          
  13          unsigned char Key_Port_Read(unsigned char num){
  14   1              if(num == 1){
  15   2                      return KEY1_PIN;
  16   2              }else if(num == 2){
  17   2                      return KEY2_PIN;
  18   2              }else if(num == 3){
  19   2                      return KEY3_PIN;
  20   2              }else if(num == 4){
  21   2                      return KEY4_PIN;
  22   2              }else if(num == 5){
  23   2                      return KEY5_PIN;
  24   2              }else if(num == 6){
  25   2                      return KEY6_PIN;
  26   2              }else if(num == 7){
  27   2                      return KEY7_PIN;
  28   2              }else{
  29   2                      return 0XFF;
  30   2              }
  31   1      }
  32          
  33          unsigned char Key_Port_Init(void){
  34   1              CLR_REG_CON(2, 0);
  35   1              SET_IO_PU(2, 0);
  36   1              
  37   1              CLR_REG_CON(2, 1);
  38   1              SET_IO_PU(2, 1);
  39   1              
  40   1              CLR_REG_CON(2, 4);
  41   1              SET_IO_PU(2, 4);
  42   1                      
  43   1              CLR_REG_CON(2, 5);
  44   1              SET_IO_PU(2, 5);
  45   1              
  46   1              CLR_REG_CON(2, 6);
  47   1              SET_IO_PU(2, 6);
  48   1              
  49   1              CLR_REG_CON(1, 4);
  50   1              SET_IO_PU(1, 4);
  51   1              
  52   1              CLR_REG_CON(1, 5);
  53   1              SET_IO_PU(1, 5);
  54   1              
C51 COMPILER V9.59.0.0   KEY_PORT                                                          11/21/2018 08:24:07 PAGE 2   

  55   1              return 1;
  56   1      }


MODULE INFORMATION:   STATIC OVERLAYABLE
   CODE SIZE        =    130    ----
   CONSTANT SIZE    =   ----    ----
   XDATA SIZE       =   ----    ----
   PDATA SIZE       =   ----    ----
   DATA SIZE        =   ----    ----
   IDATA SIZE       =   ----    ----
   BIT SIZE         =   ----    ----
END OF MODULE INFORMATION.


C51 COMPILATION COMPLETE.  0 WARNING(S),  0 ERROR(S)
