C51 COMPILER V9.59.0.0   SYSTEM                                                            12/20/2018 09:50:56 PAGE 1   


C51 COMPILER V9.59.0.0, COMPILATION OF MODULE SYSTEM
OBJECT MODULE PLACED IN .\Objects\system.obj
COMPILER INVOKED BY: E:\MDK\C51\BIN\C51.EXE ..\user\system.c OPTIMIZE(8,SPEED) BROWSE INCDIR(..\bsp;..\lib;..\TimeOut;..
                    -\user;..\bsp\key) DEBUG OBJECTEXTEND PRINT(.\Listings\system.lst) OBJECT(.\Objects\system.obj)

line level    source

   1          #include "system.h"
   2          
   3          TIMEOUT_PARA TimeOut_Para[2];
   4          unsigned char Data;
   5          
   6          extern unsigned char Uart1SendFlag,Uart1ReceiveFlag;
   7          
   8          char rev_cmp_flag = 0;
   9          extern char Rev_Flag;
  10          
  11          unsigned char Get_Key;
  12          
  13          void Key_Handle(unsigned char Key)
  14          {
  15   1          Get_Key = Key;
  16   1              if(PUSH_TEMP_DIRECTION_PIN)
  17   1              {
  18   2                  if(Get_Key == MSG_KEY_NONE)
  19   2                  {
  20   3                    Rev_Data_Handle();  
  21   3                    if(!Rev_Flag)
  22   3                    {
  23   4                       Data =  0;  
  24   4                    }           
  25   3                  }
  26   2                  else if(Get_Key == MSG_KEY1_LONGPRESS)
  27   2                  {
  28   3                    Data =  HEAD_UP;
  29   3                    Rev_Flag = 0;
  30   3                  }
  31   2                      else if(Get_Key == MSG_KEY3_LONGPRESS)
  32   2                  {
  33   3                    Data =  HEAD_DOWN; 
  34   3                    Rev_Flag = 0;        
  35   3                  }
  36   2                  else if(Get_Key == MSG_KEY2_LONGPRESS)
  37   2                  {
  38   3                    Data =  HOME_POSITION; 
  39   3                    Rev_Flag = 0;        
  40   3                  }
  41   2                  else if(Get_Key == MSG_KEY4_LONGPRESS)
  42   2                  {
  43   3                    Data =  LARBUM_DOWN;
  44   3                    Rev_Flag = 0;        
  45   3                  }
  46   2                  else if(Get_Key == MSG_KEY5_LONGPRESS)
  47   2                  {
  48   3                    Data =  LARBUM_UP;  
  49   3                    Rev_Flag = 0;        
  50   3                  }
  51   2                  else if(Get_Key == MSG_KEY6_LONGPRESS)
  52   2                  {
  53   3                    Data =  OPEN;
  54   3                    Rev_Flag = 0;        
C51 COMPILER V9.59.0.0   SYSTEM                                                            12/20/2018 09:50:56 PAGE 2   

  55   3                  }
  56   2                  else if(Get_Key == MSG_KEY7_LONGPRESS)
  57   2                  {
  58   3                    Data =  CLOSE; 
  59   3                    Rev_Flag = 0;        
  60   3                  }
  61   2              }
  62   1              else
  63   1              {
  64   2                 if(Get_Key == MSG_KEY_NONE)
  65   2                  {
  66   3                    Rev_Data_Handle();  
  67   3                    if(!Rev_Flag)
  68   3                    {
  69   4                       Data =  0;  
  70   4                    }           
  71   3                  }
  72   2                  else if(Get_Key == MSG_KEY1_LONGPRESS)
  73   2                  {
  74   3                    Data =  HEAD_DOWN;
  75   3                    Rev_Flag = 0;
  76   3                  }
  77   2                      else if(Get_Key == MSG_KEY3_LONGPRESS)
  78   2                  {
  79   3                    Data =  HEAD_UP; 
  80   3                    Rev_Flag = 0;        
  81   3                  }
  82   2                  else if(Get_Key == MSG_KEY2_LONGPRESS)
  83   2                  {
  84   3                    Data =  HOME_POSITION; 
  85   3                    Rev_Flag = 0;        
  86   3                  }
  87   2                  else if(Get_Key == MSG_KEY4_LONGPRESS)
  88   2                  {
  89   3                    Data =  LARBUM_UP;
  90   3                    Rev_Flag = 0;        
  91   3                  }
  92   2                  else if(Get_Key == MSG_KEY5_LONGPRESS)
  93   2                  {
  94   3                    Data =  LARBUM_DOWN;  
  95   3                    Rev_Flag = 0;        
  96   3                  }
  97   2                  else if(Get_Key == MSG_KEY6_LONGPRESS)
  98   2                  {
  99   3                    Data =  CLOSE;
 100   3                    Rev_Flag = 0;        
 101   3                  }
 102   2                  else if(Get_Key == MSG_KEY7_LONGPRESS)
 103   2                  {
 104   3                    Data =  OPEN; 
 105   3                    Rev_Flag = 0;        
 106   3                  } 
 107   2              }
 108   1      }
 109          
 110          void System_Init(void)
 111          {
 112   1         TimeOutDet_Init();
 113   1         Timer_Init();
 114   1         Led_App_Handle(LED_NUM);
 115   1         Push_Temp_Direction();
 116   1         Key_Init();
C51 COMPILER V9.59.0.0   SYSTEM                                                            12/20/2018 09:50:56 PAGE 3   

 117   1         Key_Register(Key_Handle);
 118   1         Uart_Init(12,9600);
 119   1         #ifdef WATCH_DOG_ENABLE
 120   1         WDTCON |= 0X01; 
 121   1         #endif
 122   1         EA = 1; 
 123   1      }
 124          
 125          void System_Handle(void)
 126          {
 127   1         #ifdef WATCH_DOG_CLEAR
 128   1         WDTCON |= 0X10; 
 129   1         #endif
 130   1         P00 = 1;
 131   1         Key_Poll();   
 132   1         if(TimeOutDet_Check(&TimeOut_Para[0]))
 133   1         {
 134   2             TimeOut_Record(&TimeOut_Para[0],40);
 135   2             Protocol_Send(IC_ADDR,IC_ID,Data);
 136   2         }      
 137   1      }
 138          
 139          
 140          /**************************************************
 141          *函数名称：void timer0/1/2() interrupt 1/3/5
 142          *函数功能：定时器中断产生方波
 143          *入口参数：void
 144          *出口参数：void
 145          **************************************************/
 146          void timer0() interrupt 1
 147          {
 148   1        TL0 = (65536 - 5900)%256;
 149   1        TH0 = (65536 - 5900)/256;     
 150   1        TimeOutDet_DecHandle();  
 151   1      }
 152          
 153          void timer1() interrupt 3
 154          {
 155   1      
 156   1      }
 157          
 158          void Timer2Int(void) interrupt 5
 159          {               
 160   1              TF2 = 0;   //溢出清零
 161   1      
 162   1      }
 163          
 164          void Uart1_Int() interrupt 7   //Uart1中断函数
 165          {
 166   1      
 167   1              if(SSCON0&0x02)    //发送标志位判断
 168   1              {
 169   2                      SSCON0 &= 0xFD;
 170   2                      Uart1SendFlag = 1;
 171   2              }
 172   1              if((SSCON0&0x01))//接收标志位判断
 173   1              {
 174   2                      SSCON0 &= 0xFE;
 175   2                      Uart1ReceiveFlag = 1;
 176   2              Serial_Rev_IQH();
 177   2              }
 178   1          
C51 COMPILER V9.59.0.0   SYSTEM                                                            12/20/2018 09:50:56 PAGE 4   

 179   1      }
 180          
 181          


MODULE INFORMATION:   STATIC OVERLAYABLE
   CODE SIZE        =    422    ----
   CONSTANT SIZE    =   ----    ----
   XDATA SIZE       =   ----    ----
   PDATA SIZE       =   ----    ----
   DATA SIZE        =     19    ----
   IDATA SIZE       =   ----    ----
   BIT SIZE         =   ----    ----
END OF MODULE INFORMATION.


C51 COMPILATION COMPLETE.  0 WARNING(S),  0 ERROR(S)
