C51 COMPILER V9.59.0.0   BSP_INTERRUPT                                                     09/25/2018 16:09:37 PAGE 1   


C51 COMPILER V9.59.0.0, COMPILATION OF MODULE BSP_INTERRUPT
OBJECT MODULE PLACED IN .\Objects\bsp_interrupt.obj
COMPILER INVOKED BY: D:\keil4\C51\BIN\C51.EXE ..\bsp\bsp_interrupt.c OPTIMIZE(8,SPEED) BROWSE INCDIR(..\lib;..\user;..\b
                    -sp;..\Time_Out) DEBUG OBJECTEXTEND PRINT(.\Listings\bsp_interrupt.lst) TABS(2) OBJECT(.\Objects\bsp_interrupt.obj)

line level    source

   1          #include "bsp_interrupt.h"
   2          
   3          void Interrupt_Init(void)
   4          {
   5   1        INTERRUPT_OPEN;
   6   1      }
   7          
   8          
   9          


MODULE INFORMATION:   STATIC OVERLAYABLE
   CODE SIZE        =      3    ----
   CONSTANT SIZE    =   ----    ----
   XDATA SIZE       =   ----    ----
   PDATA SIZE       =   ----    ----
   DATA SIZE        =   ----    ----
   IDATA SIZE       =   ----    ----
   BIT SIZE         =   ----    ----
END OF MODULE INFORMATION.


C51 COMPILATION COMPLETE.  0 WARNING(S),  0 ERROR(S)
