C51 COMPILER V9.59.0.0   MASS                                                              12/13/2018 09:37:03 PAGE 1   


C51 COMPILER V9.59.0.0, COMPILATION OF MODULE MASS
OBJECT MODULE PLACED IN .\output\mass.obj
COMPILER INVOKED BY: E:\MDK\C51\BIN\C51.EXE c\mass.c OPTIMIZE(8,SPEED) BROWSE NOINTPROMOTE INCDIR(.\h) DEBUG OBJECTEXTEN
                    -D PRINT(.\list\mass.lst) OBJECT(.\output\mass.obj)

line level    source

   1          #include "mass.h"
   2          
   3          
   4          
   5          void Mass_Init(void)
   6          {
   7   1      
   8   1      }
   9          
  10          void MaSS_Handle(void)
  11          {
  12   1      
  13   1      }


MODULE INFORMATION:   STATIC OVERLAYABLE
   CODE SIZE        =      2    ----
   CONSTANT SIZE    =   ----    ----
   XDATA SIZE       =   ----    ----
   PDATA SIZE       =   ----    ----
   DATA SIZE        =   ----    ----
   IDATA SIZE       =   ----    ----
   BIT SIZE         =   ----    ----
END OF MODULE INFORMATION.


C51 COMPILATION COMPLETE.  0 WARNING(S),  0 ERROR(S)
