###############################################################################
#
# IAR ELF Linker V3.10.1.201 for STM8                     28/Sep/2018  13:58:25
# Copyright 2010-2017 IAR Systems AB.
#
#    Output file  =  
#        F:\共享文件\Coco3.1\Coco3.1\Coco3_1_slave\project\Debug\Exe\Coco3_1.out
#    Map file     =  
#        F:\共享文件\Coco3.1\Coco3.1\Coco3_1_slave\project\Debug\List\Coco3_1.map
#    Command line =  
#        -f C:\Users\ADMINI~1\AppData\Local\Temp\EW2627.tmp
#        (F:\共享文件\Coco3.1\Coco3.1\Coco3_1_slave\project\Debug\Obj\bsp_clk.o
#        F:\共享文件\Coco3.1\Coco3.1\Coco3_1_slave\project\Debug\Obj\bsp_key.o
#        F:\共享文件\Coco3.1\Coco3.1\Coco3_1_slave\project\Debug\Obj\bsp_led.o
#        F:\共享文件\Coco3.1\Coco3.1\Coco3_1_slave\project\Debug\Obj\bsp_pushrod.o
#        F:\共享文件\Coco3.1\Coco3.1\Coco3_1_slave\project\Debug\Obj\bsp_timer.o
#        F:\共享文件\Coco3.1\Coco3.1\Coco3_1_slave\project\Debug\Obj\bsp_uart.o
#        F:\共享文件\Coco3.1\Coco3.1\Coco3_1_slave\project\Debug\Obj\interrupt_enable.o
#        F:\共享文件\Coco3.1\Coco3.1\Coco3_1_slave\project\Debug\Obj\main.o
#        F:\共享文件\Coco3.1\Coco3.1\Coco3_1_slave\project\Debug\Obj\stm8s_clk.o
#        F:\共享文件\Coco3.1\Coco3.1\Coco3_1_slave\project\Debug\Obj\stm8s_gpio.o
#        F:\共享文件\Coco3.1\Coco3.1\Coco3_1_slave\project\Debug\Obj\stm8s_it.o
#        F:\共享文件\Coco3.1\Coco3.1\Coco3_1_slave\project\Debug\Obj\stm8s_itc.o
#        F:\共享文件\Coco3.1\Coco3.1\Coco3_1_slave\project\Debug\Obj\stm8s_iwdg.o
#        F:\共享文件\Coco3.1\Coco3.1\Coco3_1_slave\project\Debug\Obj\stm8s_tim4.o
#        F:\共享文件\Coco3.1\Coco3.1\Coco3_1_slave\project\Debug\Obj\stm8s_uart1.o
#        F:\共享文件\Coco3.1\Coco3.1\Coco3_1_slave\project\Debug\Obj\system.o
#        F:\共享文件\Coco3.1\Coco3.1\Coco3_1_slave\project\Debug\Obj\TimeOut.o
#        F:\共享文件\Coco3.1\Coco3.1\Coco3_1_slave\project\Debug\Obj\watchdog.o
#        --redirect _Printf=_PrintfSmall --redirect _Scanf=_ScanfSmall -o
#        F:\共享文件\Coco3.1\Coco3.1\Coco3_1_slave\project\Debug\Exe\Coco3_1.out
#        --map
#        F:\共享文件\Coco3.1\Coco3.1\Coco3_1_slave\project\Debug\List\Coco3_1.map
#        --config D:\IAR_stm8\stm8\config\lnkstm8s103f3.icf --config_def
#        _CSTACK_SIZE=0x100 --config_def _HEAP_SIZE=0x100 --entry
#        __iar_program_start --debug_lib)
#
###############################################################################

*******************************************************************************
*** RUNTIME MODEL ATTRIBUTES
***

__SystemLibrary            = DLib
__code_model               = small
__core                     = stm8
__data_model               = medium
__dlib_file_descriptor     = 0
__dlib_full_locale_support = 0
__rt_version               = 4


*******************************************************************************
*** PLACEMENT SUMMARY
***

"A0":  place at start of [0x000000-0x0000ff] { rw section .vregs };
"A1":  place at end of [0x000000-0x0003ff] { block CSTACK };
"P2":  place in [from 0x000000 to 0x0003ff] {
          block HEAP, rw section __DLIB_PERTHREAD, rw section .far.bss,
          rw section .far.data, rw section .far.noinit,
          rw section .far_func.textrw, rw section .huge.bss,
          rw section .huge.data, rw section .huge.noinit,
          rw section .huge_func.textrw, rw section .iar.dynexit,
          rw section .near.bss, rw section .near.data, rw section .near.noinit,
          rw section .near_func.textrw };
"A2":  place at start of [0x008000-0x009fff] { block INTVEC };
"P3":  place in [from 0x008000 to 0x009fff] {
          ro section __DLIB_PERTHREAD_init, ro section .far.data_init,
          ro section .far_func.textrw_init, ro section .huge.data_init,
          ro section .huge_func.textrw_init, ro section .iar.init_table,
          ro section .init_array, ro section .near.data_init,
          ro section .near.rodata, ro section .near_func.text,
          ro section .near_func.textrw_init, ro section .tiny.data_init,
          ro section .tiny.rodata_init };
"P4":  place in [from 0x008000 to 0x009fff] {
          ro section .far.rodata, ro section .far_func.text };
"P5":  place in [from 0x008000 to 0x009fff] {
          ro section .huge.rodata, ro section .huge_func.text };
do not initialize {
   rw section .eeprom.noinit, rw section .far.noinit, rw section .huge.noinit,
   rw section .near.noinit, rw section .tiny.noinit, rw section .vregs };

  Section          Kind      Address    Size  Object
  -------          ----      -------    ----  ------
"A0":                                   0x10
  .vregs           uninit   0x000000    0x10  vregs.o [4]
                          - 0x000010    0x10

"P2":                                   0x27
  .near.bss        zero     0x000010    0x10  system.o [1]
  .near.bss        zero     0x000020     0x7  bsp_uart.o [1]
  .near.bss        zero     0x000027     0x4  system.o [1]
  .near.bss        zero     0x00002b     0x4  TimeOut.o [1]
  .near.bss        zero     0x00002f     0x3  system.o [1]
  .near.bss        zero     0x000032     0x1  bsp_uart.o [1]
  .near.bss        zero     0x000033     0x1  bsp_uart.o [1]
  .near.bss        zero     0x000034     0x1  system.o [1]
  .near.bss        zero     0x000035     0x1  system.o [1]
  .near.bss        zero     0x000036     0x1  system.o [1]
                          - 0x000037    0x27

"A1":                                  0x100
  CSTACK                    0x000300   0x100  <Block>
    CSTACK         uninit   0x000300   0x100  <Block tail>
                          - 0x000400   0x100

"A2":                                   0x80
  INTVEC                    0x008000    0x80  <Block>
    .intvec        const    0x008000    0x80  interrupt.o [4]
                          - 0x008080    0x80

"P3-P5":                              0x1871
  .near_func.text  ro code  0x008080   0xa76  system.o [1]
  .near_func.text  ro code  0x008af6   0x222  stm8s_uart1.o [1]
  .near_func.text  ro code  0x008d18   0x14e  long.o [4]
  .near_func.text  ro code  0x008e66   0x110  stm8s_gpio.o [1]
  .near_func.text  ro code  0x008f76    0xf2  vreg_util.o [4]
  .near_func.text  ro code  0x009068    0xd0  stm8s_uart1.o [1]
  .near_func.text  ro code  0x009138    0x90  bsp_pushrod.o [1]
  .near_func.text  ro code  0x0091c8    0x57  stm8s_clk.o [1]
  .near_func.text  ro code  0x00921f    0x55  long_util.o [4]
  .near_func.text  ro code  0x009274    0x53  bsp_uart.o [1]
  .near_func.text  ro code  0x0092c7    0x51  stm8s_tim4.o [1]
  .near_func.text  ro code  0x009318    0x50  stm8s_tim4.o [1]
  .near_func.text  ro code  0x009368    0x45  system.o [1]
  .near_func.text  ro code  0x0093ad    0x44  stm8s_iwdg.o [1]
  .near.rodata     const    0x0093f1    0x40  stm8s_uart1.o [1]
  .near.rodata     const    0x009431    0x3f  stm8s_gpio.o [1]
  .near.rodata     const    0x009470    0x3f  stm8s_iwdg.o [1]
  .near.rodata     const    0x0094af    0x3f  stm8s_tim4.o [1]
  .near.rodata     const    0x0094ee    0x3e  stm8s_clk.o [1]
  .near_func.text  ro code  0x00952c    0x3d  stm8s_clk.o [1]
  .near_func.text  ro code  0x009569    0x36  stm8s_uart1.o [1]
  .near_func.text  ro code  0x00959f    0x2f  stm8s_tim4.o [1]
  .near_func.text  ro code  0x0095ce    0x2f  stm8s_tim4.o [1]
  .near_func.text  ro code  0x0095fd    0x2d  stm8s_uart1.o [1]
  .near_func.text  ro code  0x00962a    0x28  bsp_uart.o [1]
  .near_func.text  ro code  0x009652    0x26  stm8s_iwdg.o [1]
  .near_func.text  ro code  0x009678    0x25  dc_util.o [4]
  .near_func.text  ro code  0x00969d    0x24  stm8s_tim4.o [1]
  .near_func.text  ro code  0x0096c1    0x22  TimeOut.o [1]
  .iar.init_table  const    0x0096e3     0x8  - Linker created -
  .near_func.text  ro code  0x0096eb    0x1f  bsp_timer.o [1]
  .near_func.text  ro code  0x00970a    0x1e  init_small.o [4]
  .near_func.text  ro code  0x009728    0x1c  stm8s_it.o [1]
  .near_func.text  ro code  0x009744    0x1b  stm8s_it.o [1]
  .near_func.text  ro code  0x00975f    0x19  stm8s_tim4.o [1]
  .near_func.text  ro code  0x009778    0x18  bsp_key.o [1]
  .near_func.text  ro code  0x009790    0x17  bsp_led.o [1]
  .near_func.text  ro code  0x0097a7    0x16  memset.o [4]
  .near_func.text  ro code  0x0097bd    0x15  watchdog.o [1]
  .near_func.text  ro code  0x0097d2    0x15  watchdog.o [1]
  .near_func.text  ro code  0x0097e7    0x14  init.o [4]
  .near_func.text  ro code  0x0097fb    0x14  __dbg_xxexit.o [3]
  .near_func.text  ro code  0x00980f    0x13  TimeOut.o [1]
  .near_func.text  ro code  0x009822    0x13  cstartup.o [4]
  .near_func.text  ro code  0x009835     0xf  TimeOut.o [1]
  .near_func.text  ro code  0x009844     0xe  bsp_uart.o [1]
  .near_func.text  ro code  0x009852     0xd  stm8s_uart1.o [1]
  .near_func.text  ro code  0x00985f     0xd  short.o [4]
  .near_func.text  ro code  0x00986c     0xc  bsp_key.o [1]
  .near_func.text  ro code  0x009878     0xc  bsp_key.o [1]
  .near_func.text  ro code  0x009884     0x9  TimeOut.o [1]
  .near_func.text  ro code  0x00988d     0x8  main.o [1]
  .near_func.text  ro code  0x009895     0x7  stm8s_gpio.o [1]
  .near_func.text  ro code  0x00989c     0x7  stm8s_gpio.o [1]
  .near_func.text  ro code  0x0098a3     0x6  TimeOut.o [1]
  .near_func.text  ro code  0x0098a9     0x5  stm8s_iwdg.o [1]
  .near_func.text  ro code  0x0098ae     0x5  stm8s_iwdg.o [1]
  .near_func.text  ro code  0x0098b3     0x5  cexit.o [4]
  .near.rodata     const    0x0098b8     0x4  stm8s_clk.o [1]
  .near_func.text  ro code  0x0098bc     0x4  bsp_clk.o [1]
  .near_func.text  ro code  0x0098c0     0x4  stm8s_gpio.o [1]
  .near_func.text  ro code  0x0098c4     0x4  stm8s_iwdg.o [1]
  .near_func.text  ro code  0x0098c8     0x4  stm8s_uart1.o [1]
  .near_func.text  ro code  0x0098cc     0x3  interrupt.o [4]
  .near_func.text  ro code  0x0098cf     0x3  low_level_init.o [4]
  .near_func.text  ro code  0x0098d2     0x3  exit.o [4]
  .near_func.text  ro code  0x0098d5     0x3  unhandled_exception.o [4]
  .near_func.text  ro code  0x0098d8     0x2  interrupt_enable.o [1]
  .near_func.text  ro code  0x0098da     0x2  main.o [1]
  .near_func.text  ro code  0x0098dc     0x1  bsp_clk.o [1]
  .near_func.text  ro code  0x0098dd     0x1  bsp_led.o [1]
  .near_func.text  ro code  0x0098de     0x1  stm8s_it.o [1]
  .near_func.text  ro code  0x0098df     0x1  stm8s_it.o [1]
  .near_func.text  ro code  0x0098e0     0x1  stm8s_it.o [1]
  .near_func.text  ro code  0x0098e1     0x1  stm8s_it.o [1]
  .near_func.text  ro code  0x0098e2     0x1  stm8s_it.o [1]
  .near_func.text  ro code  0x0098e3     0x1  stm8s_it.o [1]
  .near_func.text  ro code  0x0098e4     0x1  stm8s_it.o [1]
  .near_func.text  ro code  0x0098e5     0x1  stm8s_it.o [1]
  .near_func.text  ro code  0x0098e6     0x1  stm8s_it.o [1]
  .near_func.text  ro code  0x0098e7     0x1  stm8s_it.o [1]
  .near_func.text  ro code  0x0098e8     0x1  stm8s_it.o [1]
  .near_func.text  ro code  0x0098e9     0x1  stm8s_it.o [1]
  .near_func.text  ro code  0x0098ea     0x1  stm8s_it.o [1]
  .near_func.text  ro code  0x0098eb     0x1  stm8s_it.o [1]
  .near_func.text  ro code  0x0098ec     0x1  stm8s_it.o [1]
  .near_func.text  ro code  0x0098ed     0x1  stm8s_it.o [1]
  .near_func.text  ro code  0x0098ee     0x1  stm8s_it.o [1]
  .near_func.text  ro code  0x0098ef     0x1  stm8s_it.o [1]
  .near_func.text  ro code  0x0098f0     0x1  __dbg_break.o [3]
                          - 0x0098f1  0x1871


*******************************************************************************
*** INIT TABLE
***

          Address   Size
          -------   ----
Zero (__iar_zero_init2)
    1 destination range, total size 0x27:
          0x000010  0x27



*******************************************************************************
*** MODULE SUMMARY
***

    Module                 ro code  ro data  rw data
    ------                 -------  -------  -------
F:\共享文件\Coco3.1\Coco3.1\Coco3_1_slave\project\Debug\Obj: [1]
    TimeOut.o                   83                 4
    bsp_clk.o                    5
    bsp_key.o                   48
    bsp_led.o                   24
    bsp_pushrod.o              144
    bsp_timer.o                 31
    bsp_uart.o                 137                 9
    interrupt_enable.o           2
    main.o                      10
    stm8s_clk.o                148       66
    stm8s_gpio.o               290       63
    stm8s_it.o                  73
    stm8s_iwdg.o               120       63
    stm8s_tim4.o               316       63
    stm8s_uart1.o              870       64
    system.o                 2 747                26
    watchdog.o                  42
    ------------------------------------------------
    Total:                   5 090      319       39

command line: [2]
    ------------------------------------------------
    Total:

dbgstm8smd.a: [3]
    __dbg_break.o                1
    __dbg_xxexit.o              20
    ------------------------------------------------
    Total:                      21

dlstm8smn.a: [4]
    cexit.o                      5
    cstartup.o                  19
    dc_util.o                   37
    exit.o                       3
    init.o                      20
    init_small.o                30
    interrupt.o                  3      128
    long.o                     334
    long_util.o                 85
    low_level_init.o             3
    memset.o                    22
    short.o                     13
    unhandled_exception.o        3
    vreg_util.o                242
    vregs.o                                       16
    ------------------------------------------------
    Total:                     819      128       16

    Linker created                        8      256
----------------------------------------------------
    Grand Total:             5 930      455      311


*******************************************************************************
*** ENTRY LIST
***

Entry                    Address   Size  Type      Object
-----                    -------   ----  ----      ------
.iar.init_table$$Base   0x0096e3          --   Gb  - Linker created -
.iar.init_table$$Limit  0x0096eb          --   Gb  - Linker created -
?b0                     0x000000         Data  Gb  vregs.o [4]
?b1                     0x000001         Data  Gb  vregs.o [4]
?b10                    0x00000a         Data  Gb  vregs.o [4]
?b11                    0x00000b         Data  Gb  vregs.o [4]
?b12                    0x00000c         Data  Gb  vregs.o [4]
?b13                    0x00000d         Data  Gb  vregs.o [4]
?b14                    0x00000e         Data  Gb  vregs.o [4]
?b15                    0x00000f         Data  Gb  vregs.o [4]
?b2                     0x000002         Data  Gb  vregs.o [4]
?b3                     0x000003         Data  Gb  vregs.o [4]
?b4                     0x000004         Data  Gb  vregs.o [4]
?b5                     0x000005         Data  Gb  vregs.o [4]
?b6                     0x000006         Data  Gb  vregs.o [4]
?b7                     0x000007         Data  Gb  vregs.o [4]
?b8                     0x000008         Data  Gb  vregs.o [4]
?b9                     0x000009         Data  Gb  vregs.o [4]
?dc32_l0                0x009678         Code  Gb  dc_util.o [4]
?dc32_l1                0x009685         Code  Gb  dc_util.o [4]
?dc32_px                0x009692         Code  Gb  dc_util.o [4]
?e0                     0x000001         Data  Gb  vregs.o [4]
?e1                     0x000005         Data  Gb  vregs.o [4]
?e2                     0x000009         Data  Gb  vregs.o [4]
?e3                     0x00000d         Data  Gb  vregs.o [4]
?epilogue_l2            0x009005         Code  Gb  vreg_util.o [4]
?epilogue_l2_l3         0x009002         Code  Gb  vreg_util.o [4]
?epilogue_w4            0x009009         Code  Gb  vreg_util.o [4]
?inc32_0x_0x            0x008d1d         Code  Gb  long.o [4]
?inc32_l0_l0            0x008d18         Code  Gb  long.o [4]
?l0                     0x000000         Data  Gb  vregs.o [4]
?l1                     0x000004         Data  Gb  vregs.o [4]
?l2                     0x000008         Data  Gb  vregs.o [4]
?l3                     0x00000c         Data  Gb  vregs.o [4]
?load32_0x_l0           0x009258         Code  Gb  long_util.o [4]
?load32_0x_l1           0x009266         Code  Gb  long_util.o [4]
?load32_asp_l0          0x00924c         Code  Gb  long_util.o [4]
?load32_dbsp_l0         0x009247         Code  Gb  long_util.o [4]
?load32_l0_0x           0x00922f         Code  Gb  long_util.o [4]
?load32_l0_asp          0x009224         Code  Gb  long_util.o [4]
?load32_l0_dbsp         0x00921f         Code  Gb  long_util.o [4]
?load32_l0_xsp          0x009226         Code  Gb  long_util.o [4]
?load32_l1_0x           0x00923b         Code  Gb  long_util.o [4]
?load32_xsp_l0          0x00924e         Code  Gb  long_util.o [4]
?mov_e0_e2              0x009010         Code  Gb  vreg_util.o [4]
?mov_e0_e3              0x00901d         Code  Gb  vreg_util.o [4]
?mov_e1_e0              0x00902a         Code  Gb  vreg_util.o [4]
?mov_e1_e2              0x009037         Code  Gb  vreg_util.o [4]
?mov_e1_e3              0x009044         Code  Gb  vreg_util.o [4]
?mov_e2_e0              0x009051         Code  Gb  vreg_util.o [4]
?mov_e3_e0              0x00905e         Code  Gb  vreg_util.o [4]
?mov_l0_l2              0x00900d         Code  Gb  vreg_util.o [4]
?mov_l0_l3              0x00901a         Code  Gb  vreg_util.o [4]
?mov_l1_l0              0x009027         Code  Gb  vreg_util.o [4]
?mov_l1_l2              0x009034         Code  Gb  vreg_util.o [4]
?mov_l1_l3              0x009041         Code  Gb  vreg_util.o [4]
?mov_l2_l0              0x00904e         Code  Gb  vreg_util.o [4]
?mov_l3_l0              0x00905b         Code  Gb  vreg_util.o [4]
?mov_w1_w5              0x009013         Code  Gb  vreg_util.o [4]
?mov_w1_w7              0x009020         Code  Gb  vreg_util.o [4]
?mov_w3_w1              0x00902d         Code  Gb  vreg_util.o [4]
?mov_w3_w5              0x00903a         Code  Gb  vreg_util.o [4]
?mov_w3_w7              0x009047         Code  Gb  vreg_util.o [4]
?mov_w5_w1              0x009054         Code  Gb  vreg_util.o [4]
?mov_w7_w1              0x009061         Code  Gb  vreg_util.o [4]
?mul32_l0_l0_0x         0x008d49         Code  Gb  long.o [4]
?mul32_l0_l0_dl         0x008d46         Code  Gb  long.o [4]
?mul32_l0_l0_l1         0x008d52         Code  Gb  long.o [4]
?pop_l0                 0x008fce         Code  Gb  vreg_util.o [4]
?pop_l1                 0x008fd9         Code  Gb  vreg_util.o [4]
?pop_l2                 0x008fe4         Code  Gb  vreg_util.o [4]
?pop_l3                 0x008fef         Code  Gb  vreg_util.o [4]
?pop_w4                 0x008f8e         Code  Gb  vreg_util.o [4]
?push_l0                0x008f9d         Code  Gb  vreg_util.o [4]
?push_l1                0x008fa2         Code  Gb  vreg_util.o [4]
?push_l2                0x008fa7         Code  Gb  vreg_util.o [4]
?push_l3                0x008fac         Code  Gb  vreg_util.o [4]
?push_w4                0x008f76         Code  Gb  vreg_util.o [4]
?sll16_x_x_a            0x00985f         Code  Gb  short.o [4]
?sll32_0x_0x_a          0x008e58         Code  Gb  long.o [4]
?sll32_l0_l0_a          0x008e55         Code  Gb  long.o [4]
?srl16_x_x_4            0x009867         Code  Gb  short.o [4]
?sub32_l0_l0_0x         0x008d2e         Code  Gb  long.o [4]
?sub32_l0_l0_l1         0x008d2b         Code  Gb  long.o [4]
?ucmp32_c_l0_0x         0x008e45         Code  Gb  long.o [4]
?udiv32_l0_dl_l1        0x008dd0         Code  Gb  long.o [4]
?udiv32_l0_l0_dl        0x008dd5         Code  Gb  long.o [4]
?udiv32_l0_l0_l1        0x008dd8         Code  Gb  long.o [4]
?umod32_l1_l0_l1        0x008dd8         Code  Gb  long.o [4]
?w0                     0x000000         Data  Gb  vregs.o [4]
?w1                     0x000002         Data  Gb  vregs.o [4]
?w2                     0x000004         Data  Gb  vregs.o [4]
?w3                     0x000006         Data  Gb  vregs.o [4]
?w4                     0x000008         Data  Gb  vregs.o [4]
?w5                     0x00000a         Data  Gb  vregs.o [4]
?w6                     0x00000c         Data  Gb  vregs.o [4]
?w7                     0x00000e         Data  Gb  vregs.o [4]
ADC1_IRQHandler         0x0098ee    0x1  Code  Gb  stm8s_it.o [1]
AWU_IRQHandler          0x0098e0    0x1  Code  Gb  stm8s_it.o [1]
BackCall_Clk            0x0098dc    0x1  Code  Gb  bsp_clk.o [1]
BackCall_Led            0x0098dd    0x1  Code  Gb  bsp_led.o [1]
CLK_GetClockFreq        0x0091c8   0x57  Code  Gb  stm8s_clk.o [1]
CLK_HSIPrescalerConfig  0x00952c   0x3d  Code  Gb  stm8s_clk.o [1]
CLK_IRQHandler          0x0098e1    0x1  Code  Gb  stm8s_it.o [1]
CSTACK$$Base            0x000300          --   Gb  - Linker created -
CSTACK$$Limit           0x000400          --   Gb  - Linker created -
Clk_Init                0x0098bc    0x4  Code  Gb  bsp_clk.o [1]
EEPROM_EEC_IRQHandler   0x0098ef    0x1  Code  Gb  stm8s_it.o [1]
EXTI_PORTA_IRQHandler   0x0098e2    0x1  Code  Gb  stm8s_it.o [1]
EXTI_PORTB_IRQHandler   0x0098e3    0x1  Code  Gb  stm8s_it.o [1]
EXTI_PORTC_IRQHandler   0x0098e4    0x1  Code  Gb  stm8s_it.o [1]
EXTI_PORTD_IRQHandler   0x0098e5    0x1  Code  Gb  stm8s_it.o [1]
EXTI_PORTE_IRQHandler   0x0098e6    0x1  Code  Gb  stm8s_it.o [1]
GPIO_Init               0x008e66  0x110  Code  Gb  stm8s_gpio.o [1]
GPIO_ReadInputPin       0x00989c    0x7  Code  Gb  stm8s_gpio.o [1]
GPIO_WriteHigh          0x009895    0x7  Code  Gb  stm8s_gpio.o [1]
GPIO_WriteLow           0x0098c0    0x4  Code  Gb  stm8s_gpio.o [1]
HSIDivFactor            0x0098b8    0x4  Data  Gb  stm8s_clk.o [1]
I2C_IRQHandler          0x0098ed    0x1  Code  Gb  stm8s_it.o [1]
INTVEC$$Base            0x008000          --   Gb  - Linker created -
INTVEC$$Limit           0x008080          --   Gb  - Linker created -
IWDG_Enable             0x0098ae    0x5  Code  Gb  stm8s_iwdg.o [1]
IWDG_ReloadCounter      0x0098a9    0x5  Code  Gb  stm8s_iwdg.o [1]
IWDG_SetPrescaler       0x0093ad   0x44  Code  Gb  stm8s_iwdg.o [1]
IWDG_SetReload          0x0098c4    0x4  Code  Gb  stm8s_iwdg.o [1]
IWDG_WriteAccessCmd     0x009652   0x26  Code  Gb  stm8s_iwdg.o [1]
InsBaseNum              0x00002b    0x4  Data  Gb  TimeOut.o [1]
Interrupt_Enable        0x0098d8    0x2  Code  Gb  interrupt_enable.o [1]
Key1_Flag               0x000035    0x1  Data  Gb  system.o [1]
Key1_Status             0x009878    0xc  Code  Gb  bsp_key.o [1]
Key_Flag                0x000034    0x1  Data  Gb  system.o [1]
Key_Init                0x009778   0x18  Code  Gb  bsp_key.o [1]
Key_Status              0x00986c    0xc  Code  Gb  bsp_key.o [1]
Led_Close               0x009790    0x8  Code  Gb  bsp_led.o [1]
Led_Init                0x009798    0xf  Code  Gb  bsp_led.o [1]
My_KeyValue             0x000033    0x1  Data  Gb  bsp_uart.o [1]
Pushrod_App_Init        0x0091c4    0x4  Code  Gb  bsp_pushrod.o [1]
Pushrod_Init            0x009138   0x8c  Code  Gb  bsp_pushrod.o [1]
Pushrod_Para            0x00002f    0x3  Data  Gb  system.o [1]
Region$$Table$$Base     0x0096e3          --   Gb  - Linker created -
Region$$Table$$Limit    0x0096eb          --   Gb  - Linker created -
Rev_Para                0x000020    0x7  Data  Gb  bsp_uart.o [1]
SPI_IRQHandler          0x0098e7    0x1  Code  Gb  stm8s_it.o [1]
Serial_Get_Status       0x009844    0xe  Code  Gb  bsp_uart.o [1]
Serial_Rev_IQH          0x009274   0x53  Code  Gb  bsp_uart.o [1]
System_Handle           0x008080  0xa76  Code  Gb  system.o [1]
System_Init             0x009368   0x45  Code  Gb  system.o [1]
System_Init::i          0x000036    0x1  Data  Lc  system.o [1]
TIM1_CAP_COM_IRQHandler
                        0x0098e9    0x1  Code  Gb  stm8s_it.o [1]
TIM1_UPD_OVF_TRG_BRK_IRQHandler
                        0x0098e8    0x1  Code  Gb  stm8s_it.o [1]
TIM2_CAP_COM_IRQHandler
                        0x0098eb    0x1  Code  Gb  stm8s_it.o [1]
TIM2_UPD_OVF_BRK_IRQHandler
                        0x0098ea    0x1  Code  Gb  stm8s_it.o [1]
TIM4_ARRPreloadConfig   0x0095ce   0x2f  Code  Gb  stm8s_tim4.o [1]
TIM4_ClearITPendingBit  0x00969d   0x24  Code  Gb  stm8s_tim4.o [1]
TIM4_Cmd                0x00959f   0x2f  Code  Gb  stm8s_tim4.o [1]
TIM4_DeInit             0x00975f   0x19  Code  Gb  stm8s_tim4.o [1]
TIM4_ITConfig           0x009318   0x50  Code  Gb  stm8s_tim4.o [1]
TIM4_TimeBaseInit       0x0092c7   0x51  Code  Gb  stm8s_tim4.o [1]
TIM4_UPD_OVF_IRQHandler
                        0x009744   0x1b  Code  Gb  stm8s_it.o [1]
TLI_IRQHandler          0x0098df    0x1  Code  Gb  stm8s_it.o [1]
TRAP_IRQHandler         0x0098de    0x1  Code  Gb  stm8s_it.o [1]
TimeOutDet_Check        0x0096c1   0x22  Code  Gb  TimeOut.o [1]
TimeOutDet_DecHandle    0x009835    0xf  Code  Gb  TimeOut.o [1]
TimeOutDet_Init         0x009884    0x9  Code  Gb  TimeOut.o [1]
TimeOut_BaseValue       0x0098a3    0x6  Code  Gb  TimeOut.o [1]
TimeOut_Para            0x000010   0x10  Data  Gb  system.o [1]
TimeOut_Record          0x00980f   0x13  Code  Gb  TimeOut.o [1]
Timer_Init              0x0096eb   0x1f  Code  Gb  bsp_timer.o [1]
UART1_ClearITPendingBit
                        0x009569   0x36  Code  Gb  stm8s_uart1.o [1]
UART1_Cmd               0x009852    0xd  Code  Gb  stm8s_uart1.o [1]
UART1_DeInit            0x0095fd   0x2d  Code  Gb  stm8s_uart1.o [1]
UART1_ITConfig          0x009068   0xd0  Code  Gb  stm8s_uart1.o [1]
UART1_Init              0x008af6  0x222  Code  Gb  stm8s_uart1.o [1]
UART1_RX_IRQHandler     0x009728   0x1c  Code  Gb  stm8s_it.o [1]
UART1_ReceiveData8      0x0098c8    0x4  Code  Gb  stm8s_uart1.o [1]
UART1_TX_IRQHandler     0x0098ec    0x1  Code  Gb  stm8s_it.o [1]
Uart_Init               0x00962a   0x28  Code  Gb  bsp_uart.o [1]
WatchDog_Clear          0x0097d2   0x15  Code  Gb  watchdog.o [1]
WatchDog_Enable         0x0097bd   0x15  Code  Gb  watchdog.o [1]
__DebugBreak            0x0098f0    0x1  Code  Gb  __dbg_break.o [3]
__exit                  0x0097fb   0x14  Code  Gb  __dbg_xxexit.o [3]
__iar_data_init2        0x0097e7   0x14  Code  Gb  init.o [4]
__iar_program_start     0x009822         Code  Gb  cstartup.o [4]
__iar_unhandled_exception
                        0x0098d5         Code  Gb  unhandled_exception.o [4]
__iar_zero_init2        0x00970a         Code  Gb  init_small.o [4]
__intvec                0x008000         Data  Gb  interrupt.o [4]
__low_level_init        0x0098cf    0x3  Code  Gb  low_level_init.o [4]
_exit                   0x0098b3         Code  Gb  cexit.o [4]
_interrupt_1            0x0098de         Code  Gb  stm8s_it.o [1]
_interrupt_12           0x0098e7         Code  Gb  stm8s_it.o [1]
_interrupt_13           0x0098e8         Code  Gb  stm8s_it.o [1]
_interrupt_14           0x0098e9         Code  Gb  stm8s_it.o [1]
_interrupt_15           0x0098ea         Code  Gb  stm8s_it.o [1]
_interrupt_16           0x0098eb         Code  Gb  stm8s_it.o [1]
_interrupt_19           0x0098ec         Code  Gb  stm8s_it.o [1]
_interrupt_2            0x0098df         Code  Gb  stm8s_it.o [1]
_interrupt_20           0x009728         Code  Gb  stm8s_it.o [1]
_interrupt_21           0x0098ed         Code  Gb  stm8s_it.o [1]
_interrupt_24           0x0098ee         Code  Gb  stm8s_it.o [1]
_interrupt_25           0x009744         Code  Gb  stm8s_it.o [1]
_interrupt_26           0x0098ef         Code  Gb  stm8s_it.o [1]
_interrupt_3            0x0098e0         Code  Gb  stm8s_it.o [1]
_interrupt_4            0x0098e1         Code  Gb  stm8s_it.o [1]
_interrupt_5            0x0098e2         Code  Gb  stm8s_it.o [1]
_interrupt_6            0x0098e3         Code  Gb  stm8s_it.o [1]
_interrupt_7            0x0098e4         Code  Gb  stm8s_it.o [1]
_interrupt_8            0x0098e5         Code  Gb  stm8s_it.o [1]
_interrupt_9            0x0098e6         Code  Gb  stm8s_it.o [1]
assert_failed           0x0098da    0x2  Code  Gb  main.o [1]
exit                    0x0098d2    0x3  Code  Gb  exit.o [4]
main                    0x00988d    0x8  Code  Gb  main.o [1]
memset                  0x0097a7   0x16  Code  Gb  memset.o [4]
res_num                 0x000032    0x1  Data  Gb  bsp_uart.o [1]
temp                    0x000027    0x4  Data  Gb  system.o [1]


[1] = F:\共享文件\Coco3.1\Coco3.1\Coco3_1_slave\project\Debug\Obj
[2] = command line
[3] = dbgstm8smd.a
[4] = dlstm8smn.a

  5 930 bytes of readonly  code memory
    455 bytes of readonly  data memory
    311 bytes of readwrite data memory

Errors: none
Warnings: none
